// Jest Snapshot v1, https://goo.gl/fbAQLP

exports[`current user reducer should handle get current user action. 1`] = `
Object {
  "data": Object {
    "displayName": "username",
    "email": "user@somewhere.com",
  },
}
`;

exports[`current user reducer should handle user logout action. 1`] = `Object {}`;

exports[`current user reducer should have initial state. 1`] = `Object {}`;

exports[`current user reducer should return the current state after receiving a dummy action. 1`] = `
Object {
  "data": "current state",
}
`;
