// Jest Snapshot v1, https://goo.gl/fbAQLP

exports[`home screen should logout the user. 1`] = `
Array [
  Object {
    "type": "FETCH_LOGOUT_USER_REQUEST",
  },
]
`;

exports[`home screen should render correctly. 1`] = `
<Component
  style={
    Object {
      "alignItems": "center",
      "flex": 1,
      "justifyContent": "center",
    }
  }
>
  <Text
    accessible={true}
    allowFontScaling={true}
    ellipsizeMode="tail"
  >
    Hello: 
  </Text>
  <Button
    color="#8e44ad"
    onPress={[Function]}
    title="Sign Out"
  />
</Component>
`;
